[www.el.commonsupport.com/rc/erdunt/index.html]
[www.el.commonsupport.com/rc/erdunt/wp-content/uploads/2021/03/favicon.ico]
[backblue.gif]
[fade.gif]
[index.html]
[www.el.commonsupport.com/rc/erdunt/wp-includes/css/dist/block-library/style.min3781.css]
[www.el.commonsupport.com/rc/erdunt/feed/index.html]
[www.el.commonsupport.com/rc/erdunt/comments/feed/index.html]
[www.el.commonsupport.com/rc/erdunt/wp-includes/css/classic-themes.min3781.css]
[www.el.commonsupport.com/rc/erdunt/wp-content/plugins/contact-form-7/includes/css/styles7661.css]
[www.el.commonsupport.com/rc/erdunt/wp-content/themes/erdunt/assets/css/aos3781.css]
[www.el.commonsupport.com/rc/erdunt/wp-content/themes/erdunt/assets/css/bootstrap.min3781.css]
[www.el.commonsupport.com/rc/erdunt/wp-content/themes/erdunt/assets/css/imp3781.css]
[www.el.commonsupport.com/rc/erdunt/wp-content/themes/erdunt/assets/css/custom-animate3781.css]
[www.el.commonsupport.com/rc/erdunt/wp-content/themes/erdunt/assets/css/flaticon3781.css]
[www.el.commonsupport.com/rc/erdunt/wp-content/plugins/elementor/assets/lib/font-awesome/css/font-awesome.min1849.css]
[www.el.commonsupport.com/rc/erdunt/wp-content/themes/erdunt/assets/css/owl3781.css]
[www.el.commonsupport.com/rc/erdunt/wp-content/themes/erdunt/assets/css/magnific-popup3781.css]
[www.el.commonsupport.com/rc/erdunt/wp-content/themes/erdunt/assets/css/scrollbar3781.css]
[www.el.commonsupport.com/rc/erdunt/wp-content/themes/erdunt/assets/css/hiddenbar3781.css]
[www.el.commonsupport.com/rc/erdunt/wp-content/themes/erdunt/assets/css/icomoon3781.css]
[www.el.commonsupport.com/rc/erdunt/wp-content/themes/erdunt/assets/css/color3781.css]
[www.el.commonsupport.com/rc/erdunt/wp-content/themes/erdunt/assets/css/rtl3781.css]
[www.el.commonsupport.com/rc/erdunt/wp-content/themes/erdunt/assets/css/animate3781.css]
[www.el.commonsupport.com/rc/erdunt/wp-content/themes/erdunt/assets/css/bootstrap-select.min3781.css]
[www.el.commonsupport.com/rc/erdunt/wp-content/themes/erdunt/assets/css/date-picker3781.css]
[www.el.commonsupport.com/rc/erdunt/wp-content/themes/erdunt/assets/css/jquery.bxslider3781.css]
[www.el.commonsupport.com/rc/erdunt/wp-content/themes/erdunt/assets/css/jquery.fancybox.min3781.css]
[www.el.commonsupport.com/rc/erdunt/wp-content/themes/erdunt/assets/css/jquery.mCustomScrollbar.min3781.css]
[www.el.commonsupport.com/rc/erdunt/wp-content/themes/erdunt/assets/css/jquery-ui3781.css]
[www.el.commonsupport.com/rc/erdunt/wp-content/themes/erdunt/assets/css/polyglot-language-switcher3781.css]
[www.el.commonsupport.com/rc/erdunt/wp-content/themes/erdunt/assets/css/slick3781.css]
[www.el.commonsupport.com/rc/erdunt/wp-content/themes/erdunt/assets/css/timePicker3781.css]
[www.el.commonsupport.com/rc/erdunt/wp-content/themes/erdunt/assets/css/jquery.bootstrap-touchspin3781.css]
[www.el.commonsupport.com/rc/erdunt/wp-content/themes/erdunt/assets/css/color23781.css]
[www.el.commonsupport.com/rc/erdunt/wp-content/themes/erdunt/assets/css/color33781.css]
[www.el.commonsupport.com/rc/erdunt/wp-content/themes/erdunt/assets/css/module-css/about-section3781.css]
[www.el.commonsupport.com/rc/erdunt/wp-content/themes/erdunt/assets/css/module-css/banner-section3781.css]
[www.el.commonsupport.com/rc/erdunt/wp-content/themes/erdunt/assets/css/module-css/blog-section3781.css]
[www.el.commonsupport.com/rc/erdunt/wp-content/themes/erdunt/assets/css/module-css/breadcrumb-section3781.css]
[www.el.commonsupport.com/rc/erdunt/wp-content/themes/erdunt/assets/css/module-css/choose-section3781.css]
[www.el.commonsupport.com/rc/erdunt/wp-content/themes/erdunt/assets/css/module-css/contact-page3781.css]
[www.el.commonsupport.com/rc/erdunt/wp-content/themes/erdunt/assets/css/module-css/fact-counter-section3781.css]
[www.el.commonsupport.com/rc/erdunt/wp-content/themes/erdunt/assets/css/module-css/faq-section3781.css]
[www.el.commonsupport.com/rc/erdunt/wp-content/themes/erdunt/assets/css/module-css/footer-section3781.css]
[www.el.commonsupport.com/rc/erdunt/wp-content/themes/erdunt/assets/css/module-css/gallery-section3781.css]
[www.el.commonsupport.com/rc/erdunt/wp-content/themes/erdunt/assets/css/module-css/header-section3781.css]
[www.el.commonsupport.com/rc/erdunt/wp-content/themes/erdunt/assets/css/module-css/service-section3781.css]
[www.el.commonsupport.com/rc/erdunt/wp-content/themes/erdunt/assets/css/module-css/team-section3781.css]
[www.el.commonsupport.com/rc/erdunt/wp-content/themes/erdunt/assets/css/module-css/testimonial-section3781.css]
[www.el.commonsupport.com/rc/erdunt/wp-content/themes/erdunt/assets/css/module-css/video-gallery-section3781.css]
[www.el.commonsupport.com/rc/erdunt/wp-content/themes/erdunt/assets/css/module-css/thm-form-section3781.css]
[www.el.commonsupport.com/rc/erdunt/wp-content/themes/erdunt/assets/css/module-css/project-section3781.css]
[www.el.commonsupport.com/rc/erdunt/wp-content/themes/erdunt/assets/css/module-css/features-section3781.css]
[www.el.commonsupport.com/rc/erdunt/wp-content/themes/erdunt/assets/css/module-css/slogan-section3781.css]
[www.el.commonsupport.com/rc/erdunt/wp-content/themes/erdunt/assets/css/module-css/partner-section3781.css]
[www.el.commonsupport.com/rc/erdunt/wp-content/themes/erdunt/style3781.css]
[www.el.commonsupport.com/rc/erdunt/wp-content/themes/erdunt/assets/css/style3781.css]
[www.el.commonsupport.com/rc/erdunt/wp-content/themes/erdunt/assets/css/custom3781.css]
[www.el.commonsupport.com/rc/erdunt/wp-content/themes/erdunt/assets/css/responsive3781.css]
[www.el.commonsupport.com/rc/erdunt/wp-content/plugins/elementor/assets/lib/eicons/css/elementor-icons.minb683.css]
[www.el.commonsupport.com/rc/erdunt/wp-content/plugins/elementor/assets/css/frontend.minedb1.css]
[www.el.commonsupport.com/rc/erdunt/wp-content/uploads/elementor/css/post-98f33.css]
[www.el.commonsupport.com/rc/erdunt/wp-content/uploads/elementor/css/global1bf2.css]
[www.el.commonsupport.com/rc/erdunt/wp-includes/js/jquery/jquery-migrate.min6b00.js]
[www.el.commonsupport.com/rc/erdunt/wp-includes/js/jquery/jquery.min5aed.js]
[www.el.commonsupport.com/rc/erdunt/wp-json/wp/v2/pages/10.json]
[www.el.commonsupport.com/rc/erdunt/wp-json/index.html]
[www.el.commonsupport.com/rc/erdunt/xmlrpc0db0.php]
[www.el.commonsupport.com/rc/erdunt/wp-includes/wlwmanifest.xml]
[www.el.commonsupport.com/rc/erdunt/wp-json/oembed/1.0/embedc907.json]
[www.el.commonsupport.com/rc/erdunt/wp-content/plugins/elementor/assets/lib/eicons/fonts/eicons0b93.eot]
[www.el.commonsupport.com/rc/erdunt/wp-json/oembed/1.0/embed6610]
[www.el.commonsupport.com/rc/erdunt/wp-content/uploads/2021/10/high-res-logo.png]
[www.el.commonsupport.com/rc/erdunt/wp-content/uploads/2021/10/high-light-logo.png]
[www.el.commonsupport.com/rc/erdunt/wp-content/uploads/2021/03/slide-v1-1.jpg]
[www.el.commonsupport.com/rc/erdunt/home-industry/index.html]
[www.el.commonsupport.com/rc/erdunt/wp-content/uploads/2021/03/slide-v1-2.jpg]
[www.el.commonsupport.com/rc/erdunt/home-construction/index.html]
[www.el.commonsupport.com/rc/erdunt/home-renewable-energy/index.html]
[www.el.commonsupport.com/rc/erdunt/wp-content/uploads/2021/08/blog-v6-4.jpg]
[www.el.commonsupport.com/rc/erdunt/home-oil-gas/index.html]
[www.el.commonsupport.com/rc/erdunt/home-onepage/index.html]
[www.el.commonsupport.com/rc/erdunt/wp-content/uploads/2021/08/blog-v6-1.jpg]
[www.el.commonsupport.com/rc/erdunt/about-factory/index.html]
[www.el.commonsupport.com/rc/erdunt/wp-content/uploads/2021/03/about-style1-image-1.jpg]
[www.el.commonsupport.com/rc/erdunt/about-us/index.html]
[www.el.commonsupport.com/rc/erdunt/wp-content/uploads/2021/03/about-style1-image-2.jpg]
[www.el.commonsupport.com/rc/erdunt/services-style-one/index.html]
[www.el.commonsupport.com/rc/erdunt/services-style-two/index.html]
[www.el.commonsupport.com/rc/erdunt/wp-content/uploads/2021/04/service-style1-bg.jpg]
[www.el.commonsupport.com/rc/erdunt/wp-content/uploads/2021/04/factory.png]
[www.el.commonsupport.com/rc/erdunt/services-style-three/index.html]
[www.el.commonsupport.com/rc/erdunt/wp-content/uploads/2021/04/service-v1-1.jpg]
[www.el.commonsupport.com/rc/erdunt/oil-gas-engineering/index.html]
[www.el.commonsupport.com/rc/erdunt/wp-content/uploads/2021/04/service-v1-2.jpg]
[www.el.commonsupport.com/rc/erdunt/industrial-exploration/index.html]
[www.el.commonsupport.com/rc/erdunt/power-energy/index.html]
[www.el.commonsupport.com/rc/erdunt/wp-content/uploads/2021/04/service-v1-3.jpg]
[www.el.commonsupport.com/rc/erdunt/automation-industry/index.html]
[www.el.commonsupport.com/rc/erdunt/manufacturing-plants/index.html]
[www.el.commonsupport.com/rc/erdunt/wp-content/uploads/2021/04/service-v1-4.jpg]
[www.el.commonsupport.com/rc/erdunt/chemical-research/index.html]
[www.el.commonsupport.com/rc/erdunt/our-team/index.html]
[www.el.commonsupport.com/rc/erdunt/wp-content/uploads/2021/04/project-v1-1.jpg]
[www.el.commonsupport.com/rc/erdunt/testimonials/index.html]
[www.el.commonsupport.com/rc/erdunt/faqs/index.html]
[www.el.commonsupport.com/rc/erdunt/index8d4e.html]
[www.el.commonsupport.com/rc/erdunt/wp-content/uploads/2021/04/project-v1-2.jpg]
[www.el.commonsupport.com/rc/erdunt/news-grid-view-2/index.html]
[www.el.commonsupport.com/rc/erdunt/news-list-view/index.html]
[www.el.commonsupport.com/rc/erdunt/wp-content/uploads/2021/04/project-v1-3.jpg]
[www.el.commonsupport.com/rc/erdunt/2021/08/erdunt-produces-reliable-efficient-safe-sustainable-products/index.html]
[www.el.commonsupport.com/rc/erdunt/contact/index.html]
[www.el.commonsupport.com/rc/erdunt/2021/04/reliant-manufacturing-by-continued-support-business-by-erdunt/index.html]
[www.el.commonsupport.com/rc/erdunt/wp-content/uploads/2021/04/pro-v1-4.jpg]
[www.el.commonsupport.com/rc/erdunt/wp-content/uploads/2021/04/faq-style1-bg.jpg]
[www.el.commonsupport.com/rc/erdunt/category/latest-news-v2/index.html]
[www.el.commonsupport.com/rc/erdunt/2021/04/the-industrial-sectors-are-performing-well-maintaining-growth/index.html]
[www.el.commonsupport.com/rc/erdunt/wp-content/uploads/2021/04/faq-style1-image-1.jpg]
[www.el.commonsupport.com/rc/erdunt/wp-content/uploads/2021/04/brand-logo-1.jpg]
[www.el.commonsupport.com/rc/erdunt/wp-content/uploads/2021/04/brand-logo-2.jpg]
[www.el.commonsupport.com/rc/erdunt/wp-content/uploads/2021/04/brand-logo-3.jpg]
[www.el.commonsupport.com/rc/erdunt/wp-content/uploads/2021/04/brand-logo-4.jpg]
[www.el.commonsupport.com/rc/erdunt/wp-content/uploads/2021/04/brand-logo-5.jpg]
[www.el.commonsupport.com/rc/erdunt/wp-content/uploads/2021/04/service-style1-bg-1.jpg]
[www.el.commonsupport.com/rc/erdunt/wp-content/uploads/2021/08/blog-v6-1-360x400.jpg]
[www.el.commonsupport.com/rc/erdunt/wp-content/uploads/2021/08/blog-v6-2-360x400.jpg]
[www.el.commonsupport.com/rc/erdunt/wp-content/uploads/2021/08/blog-v6-3-360x400.jpg]
[www.el.commonsupport.com/rc/erdunt/2021/04/the-industrial-sector-to-maintain-growth/index.html]
[www.el.commonsupport.com/rc/erdunt/wp-content/uploads/2021/04/features-style4_map.png]
[www.el.commonsupport.com/rc/erdunt/author/admin/index.html]
[www.el.commonsupport.com/rc/erdunt/wp-content/themes/erdunt/assets/images/icon/quote.png]
[www.el.commonsupport.com/rc/erdunt/wp-content/uploads/2021/04/tes-v1-1.png]
[www.el.commonsupport.com/rc/erdunt/wp-content/uploads/2021/04/tes-v1-2.png]
[www.el.commonsupport.com/rc/erdunt/2021/04/contribution-world-gdp-by-erdunt-is-20/index.html]
[www.el.commonsupport.com/rc/erdunt/2021/04/reliant-manufacturing-by-continued-business/index.html]
[www.el.commonsupport.com/rc/erdunt/wp-content/uploads/2021/04/tes-v1-3.png]
[www.el.commonsupport.com/rc/erdunt/wp-content/uploads/2021/04/subscribe-area-bg.png]
[www.el.commonsupport.com/rc/erdunt/wp-content/uploads/2021/08/footer-shape-1.jpg]
[www.el.commonsupport.com/rc/erdunt/wp-content/plugins/elementor/assets/lib/animations/animations.minedb1.css]
[www.el.commonsupport.com/rc/erdunt/wp-includes/js/dist/vendor/wp-polyfill-inert.min0226.js]
[www.el.commonsupport.com/rc/erdunt/wp-includes/js/dist/vendor/regenerator-runtime.min8fa4.js]
[www.el.commonsupport.com/rc/erdunt/wp-includes/js/dist/vendor/wp-polyfill.min2c7c.js]
[www.el.commonsupport.com/rc/erdunt/wp-content/plugins/contact-form-7/includes/js/index7661.js]
[www.el.commonsupport.com/rc/erdunt/wp-includes/js/jquery/ui/core.min3f14.js]
[www.el.commonsupport.com/rc/erdunt/wp-content/themes/erdunt/assets/js/aos431f.js]
[www.el.commonsupport.com/rc/erdunt/wp-content/themes/erdunt/assets/js/appear431f.js]
[www.el.commonsupport.com/rc/erdunt/wp-content/themes/erdunt/assets/js/bootstrap-select.min431f.js]
[www.el.commonsupport.com/rc/erdunt/wp-content/themes/erdunt/assets/js/isotope431f.js]
[www.el.commonsupport.com/rc/erdunt/wp-content/themes/erdunt/assets/js/bootstrap.bundle.min431f.js]
[www.el.commonsupport.com/rc/erdunt/wp-content/themes/erdunt/assets/js/jquery.bxslider.min431f.js]
[www.el.commonsupport.com/rc/erdunt/wp-content/themes/erdunt/assets/js/jquery.countdown.min431f.js]
[www.el.commonsupport.com/rc/erdunt/wp-content/themes/erdunt/assets/js/jquery.countTo431f.js]
[www.el.commonsupport.com/rc/erdunt/wp-content/themes/erdunt/assets/js/jquery.easing.min431f.js]
[www.el.commonsupport.com/rc/erdunt/wp-content/themes/erdunt/assets/js/jquery.enllax.min431f.js]
[www.el.commonsupport.com/rc/erdunt/wp-content/themes/erdunt/assets/js/jquery.paroller.min431f.js]
[www.el.commonsupport.com/rc/erdunt/wp-content/themes/erdunt/assets/js/jquery.magnific-popup.min431f.js]
[www.el.commonsupport.com/rc/erdunt/wp-content/themes/erdunt/assets/js/jquery.polyglot.language.switcher431f.js]
[www.el.commonsupport.com/rc/erdunt/wp-content/themes/erdunt/assets/js/jQuery.style.switcher.min431f.js]
[www.el.commonsupport.com/rc/erdunt/wp-content/themes/erdunt/assets/js/knob431f.js]
[www.el.commonsupport.com/rc/erdunt/wp-content/themes/erdunt/assets/js/jquery.fancybox431f.js]
[www.el.commonsupport.com/rc/erdunt/wp-content/themes/erdunt/assets/js/pagenav431f.js]
[www.el.commonsupport.com/rc/erdunt/wp-content/themes/erdunt/assets/js/parallax.min431f.js]
[www.el.commonsupport.com/rc/erdunt/wp-content/themes/erdunt/assets/js/owl431f.js]
[www.el.commonsupport.com/rc/erdunt/wp-content/themes/erdunt/assets/js/scrollbar431f.js]
[www.el.commonsupport.com/rc/erdunt/wp-content/themes/erdunt/assets/js/slick431f.js]
[www.el.commonsupport.com/rc/erdunt/wp-content/themes/erdunt/assets/js/timePicker431f.js]
[www.el.commonsupport.com/rc/erdunt/wp-content/themes/erdunt/assets/js/wow431f.js]
[www.el.commonsupport.com/rc/erdunt/wp-content/themes/erdunt/assets/js/custom3781.js]
[www.el.commonsupport.com/rc/erdunt/wp-includes/js/comment-reply.min3781.js]
[www.el.commonsupport.com/rc/erdunt/wp-content/plugins/mailchimp-for-wp/assets/js/forms81db.js]
[www.el.commonsupport.com/rc/erdunt/wp-content/plugins/elementor/assets/js/webpack.runtime.minedb1.js]
[www.el.commonsupport.com/rc/erdunt/wp-content/themes/erdunt/assets/js/TweenMax.min431f.js]
[www.el.commonsupport.com/rc/erdunt/wp-content/plugins/elementor/assets/js/frontend-modules.minedb1.js]
[www.el.commonsupport.com/rc/erdunt/wp-content/plugins/elementor/assets/lib/waypoints/waypoints.min05da.js]
[www.el.commonsupport.com/rc/erdunt/wp-content/themes/erdunt/assets/js/jquery-ui431f.js]
[www.el.commonsupport.com/rc/erdunt/wp-content/plugins/elementor/assets/lib/share-link/share-link.minedb1.js]
[www.el.commonsupport.com/rc/erdunt/wp-content/plugins/elementor/assets/lib/dialog/dialog.mina288.js]
[www.el.commonsupport.com/rc/erdunt/wp-content/plugins/elementor/assets/js/frontend.minedb1.js]
[www.el.commonsupport.com/rc/erdunt/index.html]
[www.el.commonsupport.com/rc/erdunt/wp-includes/css/dist/block-library/style.min3781.css]
[www.el.commonsupport.com/rc/erdunt/wp-includes/css/classic-themes.min3781.css]
[www.el.commonsupport.com/rc/erdunt/wp-content/plugins/contact-form-7/includes/css/styles7661.css]
[www.el.commonsupport.com/rc/erdunt/wp-content/themes/erdunt/assets/css/aos3781.css]
[www.el.commonsupport.com/rc/erdunt/wp-content/plugins/elementor/assets/js/preloaded-modules.minedb1.js]
[www.el.commonsupport.com/rc/erdunt/wp-content/themes/erdunt/assets/css/bootstrap.min3781.css]
[www.el.commonsupport.com/rc/erdunt/wp-content/themes/erdunt/assets/css/imp3781.css]
[www.el.commonsupport.com/rc/erdunt/wp-content/themes/erdunt/assets/css/custom-animate3781.css]
[www.el.commonsupport.com/rc/erdunt/wp-content/plugins/elementor/assets/lib/swiper/swiper.min48f5.js]
[www.el.commonsupport.com/rc/erdunt/wp-content/themes/erdunt/assets/fonts/flaticon.woff]
[www.el.commonsupport.com/rc/erdunt/wp-content/themes/erdunt/assets/fonts/flaticon.eot]
[www.el.commonsupport.com/rc/erdunt/wp-content/themes/erdunt/assets/fonts/flaticond41d.eot]
[www.el.commonsupport.com/rc/erdunt/wp-content/themes/erdunt/assets/css/flaticon3781.css]
[www.el.commonsupport.com/rc/erdunt/wp-content/themes/erdunt/assets/fonts/flaticon.svg]
[www.el.commonsupport.com/rc/erdunt/wp-content/themes/erdunt/assets/fonts/flaticon.ttf]
[www.el.commonsupport.com/rc/erdunt/wp-content/plugins/elementor/assets/lib/font-awesome/fonts/fontawesome-webfont3e6e.woff2]
[www.el.commonsupport.com/rc/erdunt/wp-content/plugins/elementor/assets/lib/font-awesome/fonts/fontawesome-webfont3e6e.woff]
[www.el.commonsupport.com/rc/erdunt/wp-content/plugins/elementor/assets/lib/font-awesome/fonts/fontawesome-webfont3e6e.eot]
[www.el.commonsupport.com/rc/erdunt/wp-content/plugins/elementor/assets/lib/font-awesome/fonts/fontawesome-webfontd41d.eot]
[www.el.commonsupport.com/rc/erdunt/wp-content/plugins/elementor/assets/lib/font-awesome/fonts/fontawesome-webfont3e6e.svg]
[www.el.commonsupport.com/rc/erdunt/wp-content/plugins/elementor/assets/lib/font-awesome/css/font-awesome.min1849.css]
[www.el.commonsupport.com/rc/erdunt/wp-content/themes/erdunt/assets/css/owl.video.play.png]
[www.el.commonsupport.com/rc/erdunt/wp-content/themes/erdunt/assets/css/owl3781.css]
[www.el.commonsupport.com/rc/erdunt/wp-content/themes/erdunt/assets/css/magnific-popup3781.css]
[www.el.commonsupport.com/rc/erdunt/wp-content/themes/erdunt/assets/css/mCSB_buttons.html]
[www.el.commonsupport.com/rc/erdunt/wp-content/themes/erdunt/assets/css/scrollbar3781.css]
[www.el.commonsupport.com/rc/erdunt/wp-content/themes/erdunt/assets/css/hiddenbar3781.css]
[www.el.commonsupport.com/rc/erdunt/wp-content/themes/erdunt/assets/fonts/icomoonda59.eot]
[www.el.commonsupport.com/rc/erdunt/wp-content/themes/erdunt/assets/fonts/icomoonda59.ttf]
[www.el.commonsupport.com/rc/erdunt/wp-content/themes/erdunt/assets/fonts/icomoonda59.woff]
[www.el.commonsupport.com/rc/erdunt/wp-content/themes/erdunt/assets/fonts/icomoonda59.svg]
[www.el.commonsupport.com/rc/erdunt/wp-content/themes/erdunt/assets/css/icomoon3781.css]
[www.el.commonsupport.com/rc/erdunt/wp-content/themes/erdunt/assets/css/color3781.css]
[www.el.commonsupport.com/rc/erdunt/wp-content/themes/erdunt/assets/css/color/theme-color3781.css]
[www.el.commonsupport.com/rc/erdunt/wp-content/themes/erdunt/assets/css/rtl3781.css]
[www.el.commonsupport.com/rc/erdunt/wp-content/themes/erdunt/assets/css/animate3781.css]
[www.el.commonsupport.com/rc/erdunt/wp-content/themes/erdunt/assets/css/bootstrap-select.min3781.css]
[www.el.commonsupport.com/rc/erdunt/wp-content/themes/erdunt/assets/css/date-picker3781.css]
[www.el.commonsupport.com/rc/erdunt/wp-content/plugins/elementor/assets/lib/font-awesome/fonts/fontawesome-webfont3e6e.ttf]
[www.el.commonsupport.com/rc/erdunt/wp-content/themes/erdunt/assets/images/icon/bx_loader.gif]
[www.el.commonsupport.com/rc/erdunt/wp-content/themes/erdunt/assets/img/bx-slider/controls.a2.delayed]
[www.el.commonsupport.com/rc/erdunt/wp-content/themes/erdunt/assets/css/jquery.bxslider3781.css]
[www.el.commonsupport.com/rc/erdunt/wp-content/themes/erdunt/assets/css/jquery.fancybox.min3781.css]
[www.el.commonsupport.com/rc/erdunt/wp-content/themes/erdunt/assets/css/jquery.mCustomScrollbar.min3781.css]
[www.el.commonsupport.com/rc/erdunt/wp-content/themes/erdunt/assets/css/images/ui-icons_444444_256x240.png]
[www.el.commonsupport.com/rc/erdunt/wp-content/themes/erdunt/assets/css/images/ui-icons_555555_256x240.png]
[www.el.commonsupport.com/rc/erdunt/wp-content/themes/erdunt/assets/css/images/ui-icons_777620_256x240.png]
[www.el.commonsupport.com/rc/erdunt/wp-content/themes/erdunt/assets/css/images/ui-icons_cc0000_256x240.png]
[www.el.commonsupport.com/rc/erdunt/wp-content/themes/erdunt/assets/css/jquery-ui3781.css]
[www.el.commonsupport.com/rc/erdunt/wp-content/themes/erdunt/assets/language-switcher/gb.png]
[www.el.commonsupport.com/rc/erdunt/wp-content/themes/erdunt/assets/language-switcher/fr.png]
[www.el.commonsupport.com/rc/erdunt/wp-content/themes/erdunt/assets/language-switcher/de.png]
[www.el.commonsupport.com/rc/erdunt/wp-content/themes/erdunt/assets/language-switcher/it.png]
[www.el.commonsupport.com/rc/erdunt/wp-content/themes/erdunt/assets/language-switcher/es.png]
[www.el.commonsupport.com/rc/erdunt/wp-content/themes/erdunt/assets/css/polyglot-language-switcher3781.css]
[www.el.commonsupport.com/rc/erdunt/wp-content/themes/erdunt/assets/css/slick3781.css]
[www.el.commonsupport.com/rc/erdunt/wp-content/themes/erdunt/assets/css/timePicker3781.css]
[www.el.commonsupport.com/rc/erdunt/wp-content/themes/erdunt/assets/css/jquery.bootstrap-touchspin3781.css]
[www.el.commonsupport.com/rc/erdunt/wp-content/themes/erdunt/assets/css/color23781.css]
[www.el.commonsupport.com/rc/erdunt/wp-content/themes/erdunt/assets/css/color33781.css]
[www.el.commonsupport.com/rc/erdunt/wp-content/themes/erdunt/assets/css/module-css/about-section3781.css]
[www.el.commonsupport.com/rc/erdunt/wp-content/themes/erdunt/assets/css/module-css/banner-section3781.css]
[www.el.commonsupport.com/rc/erdunt/wp-content/themes/erdunt/assets/css/module-css/blog-section3781.css]
[www.el.commonsupport.com/rc/erdunt/wp-content/themes/erdunt/assets/css/module-css/breadcrumb-section3781.css]
[www.el.commonsupport.com/rc/erdunt/wp-content/themes/erdunt/assets/css/module-css/choose-section3781.css]
[www.el.commonsupport.com/rc/erdunt/wp-content/themes/erdunt/assets/css/module-css/contact-page3781.css]
[www.el.commonsupport.com/rc/erdunt/wp-content/themes/erdunt/assets/css/module-css/fact-counter-section3781.css]
[www.el.commonsupport.com/rc/erdunt/wp-content/themes/erdunt/assets/css/module-css/faq-section3781.css]
[www.el.commonsupport.com/rc/erdunt/wp-content/themes/erdunt/assets/css/module-css/footer-section3781.css]
[www.el.commonsupport.com/rc/erdunt/wp-content/themes/erdunt/assets/css/module-css/gallery-section3781.css]
[www.el.commonsupport.com/rc/erdunt/wp-content/themes/erdunt/assets/css/module-css/header-section3781.css]
[www.el.commonsupport.com/rc/erdunt/wp-content/themes/erdunt/assets/css/module-css/service-section3781.css]
[www.el.commonsupport.com/rc/erdunt/wp-content/themes/erdunt/assets/css/module-css/team-section3781.css]
[www.el.commonsupport.com/rc/erdunt/wp-content/themes/erdunt/assets/css/module-css/testimonial-section3781.css]
[www.el.commonsupport.com/rc/erdunt/wp-content/themes/erdunt/assets/css/module-css/video-gallery-section3781.css]
[www.el.commonsupport.com/rc/erdunt/wp-content/themes/erdunt/assets/css/module-css/thm-form-section3781.css]
[www.el.commonsupport.com/rc/erdunt/wp-content/themes/erdunt/assets/css/module-css/project-section3781.css]
[www.el.commonsupport.com/rc/erdunt/wp-content/themes/erdunt/assets/css/module-css/features-section3781.css]
[www.el.commonsupport.com/rc/erdunt/wp-content/themes/erdunt/assets/css/module-css/slogan-section3781.css]
[www.el.commonsupport.com/rc/erdunt/wp-content/themes/erdunt/assets/css/module-css/partner-section3781.css]
[www.el.commonsupport.com/rc/erdunt/wp-content/themes/erdunt/style3781.css]
[www.el.commonsupport.com/rc/erdunt/wp-content/themes/erdunt/assets/images/pattern/body-pattern.png]
[www.el.commonsupport.com/rc/erdunt/wp-content/themes/erdunt/assets/images/icon/preloader.svg]
[www.el.commonsupport.com/rc/erdunt/wp-content/themes/erdunt/assets/images/shape/video-gallery_box_6_shape.png]
[www.el.commonsupport.com/rc/erdunt/wp-content/themes/erdunt/assets/css/style3781.css]
[www.el.commonsupport.com/rc/erdunt/wp-content/themes/erdunt/assets/css/custom3781.css]
[www.el.commonsupport.com/rc/erdunt/wp-content/themes/erdunt/assets/css/responsive3781.css]
[www.el.commonsupport.com/rc/erdunt/wp-content/plugins/elementor/assets/lib/eicons/fonts/eicons02d6.woff2]
[www.el.commonsupport.com/rc/erdunt/wp-content/plugins/elementor/assets/lib/eicons/fonts/eicons02d6.woff]
[www.el.commonsupport.com/rc/erdunt/wp-content/plugins/elementor/assets/lib/eicons/fonts/eicons02d6.eot]
[www.el.commonsupport.com/rc/erdunt/wp-content/plugins/elementor/assets/lib/eicons/css/elementor-icons.minb683.css]
[www.el.commonsupport.com/rc/erdunt/wp-content/plugins/elementor/assets/css/frontend.minedb1.css]
[www.el.commonsupport.com/rc/erdunt/wp-content/uploads/elementor/css/post-98f33.css]
[www.el.commonsupport.com/rc/erdunt/wp-content/uploads/elementor/css/global1bf2.css]
[www.el.commonsupport.com/rc/erdunt/wp-content/plugins/elementor/assets/lib/eicons/fonts/eicons02d6.svg]
[www.el.commonsupport.com/rc/erdunt/wp-json/oembed/1.0/embed8528.json]
[www.el.commonsupport.com/rc/erdunt/wp-json/wp/v2/pages/12.json]
[www.el.commonsupport.com/rc/erdunt/wp-json/oembed/1.0/embed04b4]
[www.el.commonsupport.com/rc/erdunt/wp-content/uploads/2021/04/slide-v2-1.jpg]
[www.el.commonsupport.com/rc/erdunt/wp-content/uploads/2021/04/about-style2-image-1.jpg]
[www.el.commonsupport.com/rc/erdunt/wp-content/plugins/elementor/assets/lib/eicons/fonts/eicons02d6.ttf]
[www.el.commonsupport.com/rc/erdunt/wp-content/uploads/2021/04/thm-pattern-1.jpg]
[www.el.commonsupport.com/rc/erdunt/wp-content/themes/erdunt/assets/images/shape/single-service-style2-bg.jpg]
[www.el.commonsupport.com/rc/erdunt/wp-content/uploads/2021/04/service-v2-1.jpg]
[www.el.commonsupport.com/rc/erdunt/wp-content/uploads/2021/04/service-v2-2.jpg]
[www.el.commonsupport.com/rc/erdunt/wp-content/uploads/2021/04/service-v2-3.jpg]
[www.el.commonsupport.com/rc/erdunt/wp-content/uploads/2021/04/service-v2-4.jpg]
[www.el.commonsupport.com/rc/erdunt/wp-content/uploads/2021/04/video-gallery_box-bg.jpg]
[www.el.commonsupport.com/rc/erdunt/wp-content/uploads/2021/04/video-gallery_content-bg.jpg]
[www.el.commonsupport.com/rc/erdunt/wp-content/uploads/2021/04/graph-1.png]
[www.el.commonsupport.com/rc/erdunt/wp-content/uploads/2021/04/project-v2-1.jpg]
[www.el.commonsupport.com/rc/erdunt/wp-content/uploads/2021/04/project-v2-2.jpg]
[www.el.commonsupport.com/rc/erdunt/wp-content/uploads/2021/04/project-v2-3.jpg]
[www.el.commonsupport.com/rc/erdunt/wp-content/uploads/2021/04/project-v2-4.jpg]
[www.el.commonsupport.com/rc/erdunt/wp-content/uploads/2021/04/project-v2-5.jpg]
[www.el.commonsupport.com/rc/erdunt/wp-content/uploads/2021/04/project-v2-6.jpg]
[www.el.commonsupport.com/rc/erdunt/wp-content/uploads/2021/04/team-style1-area-bg.jpg]
[www.el.commonsupport.com/rc/erdunt/wp-content/uploads/2021/04/team-v1-1.jpg]
[www.el.commonsupport.com/rc/erdunt/wp-content/uploads/2021/04/team-v1-4.jpg]
[www.el.commonsupport.com/rc/erdunt/wp-content/uploads/2021/04/team-v1-2.jpg]
[www.el.commonsupport.com/rc/erdunt/wp-content/uploads/2021/04/team-v1-3.jpg]
[www.el.commonsupport.com/rc/erdunt/wp-content/uploads/2021/04/worker.png]
[www.el.commonsupport.com/rc/erdunt/wp-content/uploads/2021/04/thm-pattern-2.png]
[www.el.commonsupport.com/rc/erdunt/wp-content/uploads/2021/04/tagline-bg.png]
[www.el.commonsupport.com/rc/erdunt/wp-content/uploads/2021/08/footer-style2-area-bg.jpg]
[www.el.commonsupport.com/rc/erdunt/wp-content/uploads/2021/05/project-v3-8.jpg]
[www.el.commonsupport.com/rc/erdunt/wp-content/uploads/2021/05/project-v3-7.jpg]
[www.el.commonsupport.com/rc/erdunt/wp-content/uploads/2021/05/project-v3-6.jpg]
[www.el.commonsupport.com/rc/erdunt/wp-content/uploads/2021/05/project-v3-4.jpg]
[www.el.commonsupport.com/rc/erdunt/wp-content/uploads/2021/05/project-v3-3.jpg]
[www.el.commonsupport.com/rc/erdunt/wp-content/uploads/2021/05/project-v3-2.jpg]
[www.el.commonsupport.com/rc/erdunt/wp-content/uploads/2021/05/project-v3-5.jpg]
[www.el.commonsupport.com/rc/erdunt/wp-content/uploads/2021/05/project-v3-1.jpg]
[www.el.commonsupport.com/rc/erdunt/home-industry/index.html]
[www.el.commonsupport.com/rc/erdunt/wp-json/wp/v2/pages/14.json]
[www.el.commonsupport.com/rc/erdunt/wp-json/oembed/1.0/embedb5b4.json]
[www.el.commonsupport.com/rc/erdunt/wp-json/oembed/1.0/embed2dc0]
[www.el.commonsupport.com/rc/erdunt/wp-content/themes/erdunt/assets/images/shape/logo-bg.png]
[www.el.commonsupport.com/rc/erdunt/wp-content/uploads/2021/10/color-high-logo.png]
[www.el.commonsupport.com/rc/erdunt/wp-content/uploads/2021/04/slide-v3-1.jpg]
[www.el.commonsupport.com/rc/erdunt/wp-content/uploads/2021/04/slide-v3-2.jpg]
[www.el.commonsupport.com/rc/erdunt/wp-content/uploads/2021/05/single-features-style2-bg-1.jpg]
[www.el.commonsupport.com/rc/erdunt/wp-content/uploads/2021/05/about-style3_image.jpg]
[www.el.commonsupport.com/rc/erdunt/wp-content/uploads/2021/05/service-style3-area-bg.jpg]
[www.el.commonsupport.com/rc/erdunt/wp-content/uploads/2021/05/service-v3-1.jpg]
[www.el.commonsupport.com/rc/erdunt/wp-content/uploads/2021/08/blog-v5-8.jpg]
[www.el.commonsupport.com/rc/erdunt/wp-content/uploads/2021/05/service-v3-3.jpg]
[www.el.commonsupport.com/rc/erdunt/wp-content/uploads/2021/05/service-v3-2.jpg]
[www.el.commonsupport.com/rc/erdunt/wp-content/uploads/2021/05/mission-vision-bg.jpg]
[www.el.commonsupport.com/rc/erdunt/wp-content/uploads/2021/05/faq-style2-image.jpg]
[www.el.commonsupport.com/rc/erdunt/wp-content/themes/erdunt/assets/images/shape/border.png]
[www.el.commonsupport.com/rc/erdunt/wp-content/uploads/2021/05/slogan-area-bg.jpg]
[www.el.commonsupport.com/rc/erdunt/wp-content/uploads/2021/08/blog-v6-4-360x400.jpg]
[www.el.commonsupport.com/rc/erdunt/wp-content/uploads/2021/06/footer-style3-bg.jpg]
[www.el.commonsupport.com/rc/erdunt/home-construction/index.html]
[www.el.commonsupport.com/rc/erdunt/2021/05/the-construction-sector-to-maintain-growth/index.html]
[www.el.commonsupport.com/rc/erdunt/2021/05/petrobras-to-meet-with-presidential-candidates-sides/index.html]
[www.el.commonsupport.com/rc/erdunt/2021/05/we-won-best-industry-award-of-the-year-2021/index.html]
[www.el.commonsupport.com/rc/erdunt/wp-json/oembed/1.0/embed6d0e.json]
[www.el.commonsupport.com/rc/erdunt/wp-json/wp/v2/pages/16.json]
[www.el.commonsupport.com/rc/erdunt/wp-json/oembed/1.0/embedc592]
[www.el.commonsupport.com/rc/erdunt/wp-content/uploads/2021/04/slide-v4-1.jpg]
[www.el.commonsupport.com/rc/erdunt/wp-content/uploads/2021/04/slide-v4-2.jpg]
[www.el.commonsupport.com/rc/erdunt/wp-content/uploads/2021/04/about-style4_image-1.jpg]
[www.el.commonsupport.com/rc/erdunt/wp-content/uploads/2021/04/about-style4_image-2.jpg]
[www.el.commonsupport.com/rc/erdunt/wp-content/uploads/2021/05/fact-counter-style3-bg.jpg]
[www.el.commonsupport.com/rc/erdunt/wp-content/uploads/2021/05/faq-style3-image-1.jpg]
[www.el.commonsupport.com/rc/erdunt/wp-content/uploads/2021/06/service-v4-6.jpg]
[www.el.commonsupport.com/rc/erdunt/wp-content/uploads/2021/06/service-v4-5.jpg]
[www.el.commonsupport.com/rc/erdunt/wp-content/uploads/2021/05/service-v4-4.jpg]
[www.el.commonsupport.com/rc/erdunt/wp-content/uploads/2021/05/service-v4-3.jpg]
[www.el.commonsupport.com/rc/erdunt/wp-content/uploads/2021/05/map.jpg]
[www.el.commonsupport.com/rc/erdunt/wp-content/uploads/2021/05/brochure.jpg]
[www.el.commonsupport.com/rc/erdunt/wp-content/uploads/2021/05/thm-icon-1.png]
[www.el.commonsupport.com/rc/erdunt/wp-content/uploads/2021/05/info-content-box-bg.jpg]
[www.el.commonsupport.com/rc/erdunt/home-renewable-energy/index.html]
[www.el.commonsupport.com/rc/erdunt/wp-json/wp/v2/pages/18.json]
[www.el.commonsupport.com/rc/erdunt/wp-json/oembed/1.0/embedb847.json]
[www.el.commonsupport.com/rc/erdunt/wp-json/oembed/1.0/embedc3ba]
[www.el.commonsupport.com/rc/erdunt/wp-content/themes/erdunt/assets/images/shape/logo-bg-2.png]
[www.el.commonsupport.com/rc/erdunt/wp-content/uploads/2021/05/slide-v5-1.jpg]
[www.el.commonsupport.com/rc/erdunt/wp-content/uploads/2021/05/slide-v5-2.jpg]
[www.el.commonsupport.com/rc/erdunt/wp-content/uploads/2021/05/features-style4_map.png]
[www.el.commonsupport.com/rc/erdunt/wp-content/uploads/2021/05/features-v1-1.jpg]
[www.el.commonsupport.com/rc/erdunt/wp-content/uploads/2021/05/features-v1-2.jpg]
[www.el.commonsupport.com/rc/erdunt/wp-content/uploads/2021/05/features-v1-3.jpg]
[www.el.commonsupport.com/rc/erdunt/wp-content/uploads/2021/05/about-style5-image.jpg]
[www.el.commonsupport.com/rc/erdunt/wp-content/themes/erdunt/assets/images/shape/video-gallery_box_5_border.png]
[www.el.commonsupport.com/rc/erdunt/wp-content/uploads/2021/05/mission-vision-style2_single_box_bg.jpg]
[www.el.commonsupport.com/rc/erdunt/wp-content/uploads/2021/06/expertise-info-bg.jpg]
[www.el.commonsupport.com/rc/erdunt/wp-content/uploads/2021/06/video-gallery_box_6_bg.jpg]
[www.el.commonsupport.com/rc/erdunt/wp-content/uploads/2021/08/blog-v6-4-360x430.jpg]
[www.el.commonsupport.com/rc/erdunt/wp-content/uploads/2021/08/blog-v6-1-360x430.jpg]
[www.el.commonsupport.com/rc/erdunt/category/latest-news-v3/index.html]
[www.el.commonsupport.com/rc/erdunt/wp-content/uploads/2021/08/blog-v6-2-360x430.jpg]
[www.el.commonsupport.com/rc/erdunt/home-oil-gas/index.html]
[www.el.commonsupport.com/rc/erdunt/wp-json/oembed/1.0/embed3233.json]
[www.el.commonsupport.com/rc/erdunt/wp-json/wp/v2/pages/20.json]
[www.el.commonsupport.com/rc/erdunt/home-onepage/index.html]
[www.el.commonsupport.com/rc/erdunt/wp-json/oembed/1.0/embedad2d]
[www.el.commonsupport.com/rc/erdunt/wp-json/oembed/1.0/embedf1e3.json]
[www.el.commonsupport.com/rc/erdunt/wp-json/wp/v2/pages/751.json]
[www.el.commonsupport.com/rc/erdunt/wp-json/oembed/1.0/embedbfa8]
[www.el.commonsupport.com/rc/erdunt/wp-content/uploads/2021/06/breadcrumb-1.jpg]
[www.el.commonsupport.com/rc/erdunt/wp-content/uploads/2021/06/about-page1_image.jpg]
[www.el.commonsupport.com/rc/erdunt/about-factory/index.html]
[www.el.commonsupport.com/rc/erdunt/wp-json/wp/v2/pages/752.json]
[www.el.commonsupport.com/rc/erdunt/wp-json/oembed/1.0/embed0a69.json]
[www.el.commonsupport.com/rc/erdunt/wp-json/oembed/1.0/embedbf53]
[www.el.commonsupport.com/rc/erdunt/wp-content/themes/erdunt/assets/images/breadcrumb/breadcrumb-1.jpg]
[www.el.commonsupport.com/rc/erdunt/wp-content/uploads/2021/06/about-style3_image-about2.jpg]
[www.el.commonsupport.com/rc/erdunt/about-us/index.html]
[www.el.commonsupport.com/rc/erdunt/wp-json/wp/v2/pages/756.json]
[www.el.commonsupport.com/rc/erdunt/wp-json/oembed/1.0/embeda3b3.json]
[www.el.commonsupport.com/rc/erdunt/wp-json/oembed/1.0/embedaf67]
[www.el.commonsupport.com/rc/erdunt/wp-content/uploads/2021/05/service-v4-1.jpg]
[www.el.commonsupport.com/rc/erdunt/wp-content/uploads/2021/05/service-v4-2.jpg]
[www.el.commonsupport.com/rc/erdunt/services-style-one/index.html]
[www.el.commonsupport.com/rc/erdunt/wp-json/wp/v2/pages/757.json]
[www.el.commonsupport.com/rc/erdunt/wp-json/oembed/1.0/embed30f8.json]
[www.el.commonsupport.com/rc/erdunt/services-style-two/index.html]
[www.el.commonsupport.com/rc/erdunt/wp-json/oembed/1.0/embeddb67]
[www.el.commonsupport.com/rc/erdunt/wp-json/wp/v2/pages/904.json]
[www.el.commonsupport.com/rc/erdunt/wp-json/oembed/1.0/embed4fd3.json]
[www.el.commonsupport.com/rc/erdunt/services-style-three/index.html]
[www.el.commonsupport.com/rc/erdunt/wp-json/oembed/1.0/embedb9d3]
[www.el.commonsupport.com/rc/erdunt/wp-json/oembed/1.0/embed289e.json]
[www.el.commonsupport.com/rc/erdunt/wp-json/wp/v2/pages/1034.json]
[www.el.commonsupport.com/rc/erdunt/wp-json/oembed/1.0/embedb654]
[www.el.commonsupport.com/rc/erdunt/wp-content/uploads/2021/08/special-services-bg.jpg]
[www.el.commonsupport.com/rc/erdunt/wp-content/uploads/2021/08/sidebar-contact-info-bg.jpg]
[www.el.commonsupport.com/rc/erdunt/wp-content/uploads/2021/08/service-details-v1-1.jpg]
[www.el.commonsupport.com/rc/erdunt/wp-content/uploads/2021/08/service-details-v1-2.jpg]
[www.el.commonsupport.com/rc/erdunt/wp-content/uploads/2021/08/features-v1-1.jpg]
[www.el.commonsupport.com/rc/erdunt/wp-content/uploads/2021/08/features-v1-2.jpg]
[www.el.commonsupport.com/rc/erdunt/oil-gas-engineering/index.html]
[www.el.commonsupport.com/rc/erdunt/wp-json/wp/v2/pages/1069.json]
[www.el.commonsupport.com/rc/erdunt/wp-json/oembed/1.0/embede90b.json]
[www.el.commonsupport.com/rc/erdunt/wp-json/oembed/1.0/embed1042]
[www.el.commonsupport.com/rc/erdunt/wp-content/uploads/2021/08/service-details-v2-1.jpg]
[www.el.commonsupport.com/rc/erdunt/wp-content/uploads/2021/08/service-details-v2-2.jpg]
[www.el.commonsupport.com/rc/erdunt/power-energy/index.html]
[www.el.commonsupport.com/rc/erdunt/wp-json/wp/v2/pages/1088.json]
[www.el.commonsupport.com/rc/erdunt/wp-json/oembed/1.0/embedb089.json]
[www.el.commonsupport.com/rc/erdunt/wp-json/oembed/1.0/embed984c]
[www.el.commonsupport.com/rc/erdunt/wp-content/uploads/2021/08/service-details-v3-1.jpg]
[www.el.commonsupport.com/rc/erdunt/wp-content/uploads/2021/08/service-details-v3-2.jpg]
[www.el.commonsupport.com/rc/erdunt/industrial-exploration/index.html]
[www.el.commonsupport.com/rc/erdunt/wp-json/oembed/1.0/embed49c7.json]
[www.el.commonsupport.com/rc/erdunt/wp-json/wp/v2/pages/1093.json]
[www.el.commonsupport.com/rc/erdunt/wp-json/oembed/1.0/embed1b62]
[www.el.commonsupport.com/rc/erdunt/wp-content/uploads/2021/08/service-details-v4-1.jpg]
[www.el.commonsupport.com/rc/erdunt/wp-content/uploads/2021/08/service-details-v4-2.jpg]
[www.el.commonsupport.com/rc/erdunt/automation-industry/index.html]
[www.el.commonsupport.com/rc/erdunt/wp-json/wp/v2/pages/1102.json]
[www.el.commonsupport.com/rc/erdunt/wp-json/oembed/1.0/embed39a3.json]
[www.el.commonsupport.com/rc/erdunt/wp-json/oembed/1.0/embedcf76]
[www.el.commonsupport.com/rc/erdunt/wp-content/uploads/2021/08/service-details-v5-1.jpg]
[www.el.commonsupport.com/rc/erdunt/wp-content/uploads/2021/08/service-details-v5-2.jpg]
[www.el.commonsupport.com/rc/erdunt/manufacturing-plants/index.html]
[www.el.commonsupport.com/rc/erdunt/wp-json/wp/v2/pages/1116.json]
[www.el.commonsupport.com/rc/erdunt/wp-json/oembed/1.0/embedbd09.json]
[www.el.commonsupport.com/rc/erdunt/wp-json/oembed/1.0/embedc554]
[www.el.commonsupport.com/rc/erdunt/wp-content/uploads/2021/08/service-details-v6-1.jpg]
[www.el.commonsupport.com/rc/erdunt/wp-content/uploads/2021/08/service-details-v6-2.jpg]
[www.el.commonsupport.com/rc/erdunt/chemical-research/index.html]
[www.el.commonsupport.com/rc/erdunt/wp-json/wp/v2/pages/919.json]
[www.el.commonsupport.com/rc/erdunt/wp-json/oembed/1.0/embed6492.json]
[www.el.commonsupport.com/rc/erdunt/wp-json/oembed/1.0/embedb568]
[www.el.commonsupport.com/rc/erdunt/wp-content/uploads/2021/04/team-v2-1.jpg]
[www.el.commonsupport.com/rc/erdunt/wp-content/uploads/2021/04/team-v2-3.jpg]
[www.el.commonsupport.com/rc/erdunt/wp-content/uploads/2021/04/team-v2-2.jpg]
[www.el.commonsupport.com/rc/erdunt/our-team/index.html]
[www.el.commonsupport.com/rc/erdunt/wp-json/wp/v2/pages/958.json]
[www.el.commonsupport.com/rc/erdunt/wp-json/oembed/1.0/embeddb2c.json]
[www.el.commonsupport.com/rc/erdunt/testimonials/index.html]
[www.el.commonsupport.com/rc/erdunt/wp-json/oembed/1.0/embedc8ad]
[www.el.commonsupport.com/rc/erdunt/wp-json/wp/v2/pages/974.json]
[www.el.commonsupport.com/rc/erdunt/wp-json/oembed/1.0/embed1bfb.json]
[www.el.commonsupport.com/rc/erdunt/faqs/index.html]
[www.el.commonsupport.com/rc/erdunt/index8d4e.html]
[www.el.commonsupport.com/rc/erdunt/wp-json/oembed/1.0/embed1c84]
[www.el.commonsupport.com/rc/erdunt/wp-json/wp/v2/pages/1128.json]
[www.el.commonsupport.com/rc/erdunt/wp-json/oembed/1.0/embed3455.json]
[www.el.commonsupport.com/rc/erdunt/wp-json/oembed/1.0/embed4463]
[www.el.commonsupport.com/rc/erdunt/wp-content/uploads/2021/08/news-15-360x400.jpg]
[www.el.commonsupport.com/rc/erdunt/wp-content/uploads/2021/08/news-9-360x400.jpg]
[www.el.commonsupport.com/rc/erdunt/2021/08/10-reason-why-should-choose-our-industry/index.html]
[www.el.commonsupport.com/rc/erdunt/wp-content/uploads/2021/08/news-10-360x400.jpg]
[www.el.commonsupport.com/rc/erdunt/2021/08/we-are-best-for-any-industrial-solution/index.html]
[www.el.commonsupport.com/rc/erdunt/wp-content/uploads/2021/08/news-16-360x400.jpg]
[www.el.commonsupport.com/rc/erdunt/2021/08/knowledge-becomes-power-by-visit-industry/index.html]
[www.el.commonsupport.com/rc/erdunt/2021/08/dont-worry-about-inspriation/index.html]
[www.el.commonsupport.com/rc/erdunt/wp-content/uploads/2021/08/blog-v5-9.jpg]
[www.el.commonsupport.com/rc/erdunt/news-grid-view-2/index.html]
[www.el.commonsupport.com/rc/erdunt/2021/08/multitasking-materials-in-future-construction/index.html]
[www.el.commonsupport.com/rc/erdunt/2021/08/best-heat-treatment-of-steel/index.html]
[www.el.commonsupport.com/rc/erdunt/wp-content/uploads/2021/08/blog-v6-3.jpg]
[www.el.commonsupport.com/rc/erdunt/news-grid-view-2/page/2/index.html]
[www.el.commonsupport.com/rc/erdunt/2021/08/metallurgy-news-relevant-today/index.html]
[www.el.commonsupport.com/rc/erdunt/wp-content/uploads/2021/08/blog-v6-2.jpg]
[www.el.commonsupport.com/rc/erdunt/category/our-blog/index.html]
[www.el.commonsupport.com/rc/erdunt/wp-content/uploads/2021/08/news-8.jpg]
[www.el.commonsupport.com/rc/erdunt/2021/08/widely-considered-as-a-global-leader-using-smart-industry-tech/index.html]
[www.el.commonsupport.com/rc/erdunt/news-list-view/index.html]
[www.el.commonsupport.com/rc/erdunt/2021/08/join-the-new-innovation-of-erdunt-with-technically-large-workforce/index.html]
[www.el.commonsupport.com/rc/erdunt/wp-json/wp/v2/posts/1194.json]
[www.el.commonsupport.com/rc/erdunt/2021/08/opportunities-full-of-wide-growth-and-sector-of-manufacturing/index.html]
[www.el.commonsupport.com/rc/erdunt/wp-json/oembed/1.0/embedb2e1.json]
[www.el.commonsupport.com/rc/erdunt/news-list-view/page/2/index.html]
[www.el.commonsupport.com/rc/erdunt/news-list-view/page/3/index.html]
[www.el.commonsupport.com/rc/erdunt/wp-json/oembed/1.0/embed61b5]
[www.el.commonsupport.com/rc/erdunt/category/latest-news/index.html]
[www.el.commonsupport.com/rc/erdunt/news-list-view/page/4/index.html]
[www.el.commonsupport.com/rc/erdunt/wp-content/uploads/2021/08/blog-details-1.jpg]
[www.el.commonsupport.com/rc/erdunt/tag/chemical/index.html]
[www.el.commonsupport.com/rc/erdunt/tag/construction/index.html]
[www.el.commonsupport.com/rc/erdunt/wp-content/uploads/2021/08/blog-details-2.jpg]
[www.el.commonsupport.com/rc/erdunt/2021/08/erdunt-produces-reliable-efficient-safe-sustainable-products/index.html]
[www.el.commonsupport.com/rc/erdunt/tag/manufacture/index.html]
[www.el.commonsupport.com/rc/erdunt/tag/industry/index.html]
[www.el.commonsupport.com/rc/erdunt/2021/08/erdunt-produces-reliable-efficient-safe-sustainable-products/feed/index.html]
[www.el.commonsupport.com/rc/erdunt/tag/power-energy/index.html]
[www.el.commonsupport.com/rc/erdunt/tag/products/index.html]
[www.el.commonsupport.com/rc/erdunt/wp-json/wp/v2/pages/1032.json]
[www.el.commonsupport.com/rc/erdunt/2021/08/erdunt-produces-reliable-efficient-safe-sustainable-products/index6809.html]
[www.el.commonsupport.com/rc/erdunt/2021/08/erdunt-produces-reliable-efficient-safe-sustainable-products/index3094.html]
[www.el.commonsupport.com/rc/erdunt/2021/08/erdunt-produces-reliable-efficient-safe-sustainable-products/index0e22.html]
[www.el.commonsupport.com/rc/erdunt/wp-json/oembed/1.0/embed72ed.json]
[www.el.commonsupport.com/rc/erdunt/contact/index.html]
[www.el.commonsupport.com/rc/erdunt/wp-json/oembed/1.0/embed2d19]
[www.el.commonsupport.com/rc/erdunt/wp-json/wp/v2/posts/304.json]
[www.el.commonsupport.com/rc/erdunt/2021/04/reliant-manufacturing-by-continued-support-business-by-erdunt/feed/index.html]
[www.el.commonsupport.com/rc/erdunt/wp-json/oembed/1.0/embedfacc.json]
[www.el.commonsupport.com/rc/erdunt/wp-json/oembed/1.0/embedbe0c]
[www.el.commonsupport.com/rc/erdunt/wp-content/uploads/2021/04/breadcrumb-7.jpg]
[www.el.commonsupport.com/rc/erdunt/2021/04/reliant-manufacturing-by-continued-support-business-by-erdunt/index.html]
[www.el.commonsupport.com/rc/erdunt/wp-json/wp/v2/categories/12.json]
[www.el.commonsupport.com/rc/erdunt/category/latest-news-v2/index.html]
[www.el.commonsupport.com/rc/erdunt/wp-json/wp/v2/posts/300.json]
[www.el.commonsupport.com/rc/erdunt/category/latest-news-v2/feed/index.html]
[www.el.commonsupport.com/rc/erdunt/2021/04/the-industrial-sectors-are-performing-well-maintaining-growth/feed/index.html]
[www.el.commonsupport.com/rc/erdunt/wp-json/oembed/1.0/embedef87.json]
[www.el.commonsupport.com/rc/erdunt/2021/04/the-industrial-sectors-are-performing-well-maintaining-growth/index.html]
[www.el.commonsupport.com/rc/erdunt/wp-json/oembed/1.0/embed371d]
[www.el.commonsupport.com/rc/erdunt/wp-json/wp/v2/posts/149.json]
[www.el.commonsupport.com/rc/erdunt/2021/04/the-industrial-sector-to-maintain-growth/feed/index.html]
[www.el.commonsupport.com/rc/erdunt/wp-json/oembed/1.0/embedbd67.json]
[www.el.commonsupport.com/rc/erdunt/wp-json/oembed/1.0/embed3759]
[www.el.commonsupport.com/rc/erdunt/wp-content/uploads/2021/04/breadcrumb-1.jpg]
[www.el.commonsupport.com/rc/erdunt/2021/04/the-industrial-sector-to-maintain-growth/index.html]
[www.el.commonsupport.com/rc/erdunt/wp-json/wp/v2/users/1.json]
[www.el.commonsupport.com/rc/erdunt/author/admin/index.html]
[www.el.commonsupport.com/rc/erdunt/author/admin/feed/index.html]
[www.el.commonsupport.com/rc/erdunt/author/admin/page/2/index.html]
[www.el.commonsupport.com/rc/erdunt/author/admin/page/3/index.html]
[www.el.commonsupport.com/rc/erdunt/wp-json/wp/v2/posts/156.json]
[www.el.commonsupport.com/rc/erdunt/2021/04/contribution-world-gdp-by-erdunt-is-20/feed/index.html]
[www.el.commonsupport.com/rc/erdunt/author/admin/page/4/index.html]
[www.el.commonsupport.com/rc/erdunt/wp-json/oembed/1.0/embedf1a2.json]
[www.el.commonsupport.com/rc/erdunt/2021/04/contribution-world-gdp-by-erdunt-is-20/index.html]
[www.el.commonsupport.com/rc/erdunt/wp-json/oembed/1.0/embedf4c1]
[www.el.commonsupport.com/rc/erdunt/wp-json/wp/v2/posts/159.json]
[www.el.commonsupport.com/rc/erdunt/2021/04/reliant-manufacturing-by-continued-business/feed/index.html]
[www.el.commonsupport.com/rc/erdunt/wp-json/oembed/1.0/embed93ba.json]
[www.el.commonsupport.com/rc/erdunt/2021/04/reliant-manufacturing-by-continued-business/index.html]
[www.el.commonsupport.com/rc/erdunt/wp-json/oembed/1.0/embed3932]
[www.el.commonsupport.com/rc/erdunt/wp-content/plugins/elementor/assets/lib/animations/animations.minedb1.css]
[www.el.commonsupport.com/rc/erdunt/wp-content/themes/erdunt/assets/fonts/flaticon.svg]
[www.el.commonsupport.com/rc/erdunt/wp-content/plugins/elementor/assets/lib/font-awesome/fonts/fontawesome-webfont3e6e.svg]
[www.el.commonsupport.com/rc/erdunt/wp-content/themes/erdunt/assets/css/owl.video.play.html]
[www.el.commonsupport.com/rc/erdunt/wp-content/themes/erdunt/assets/css/mCSB_buttons.html]
[www.el.commonsupport.com/rc/erdunt/wp-content/themes/erdunt/assets/fonts/icomoonda59.svg]
[www.el.commonsupport.com/rc/erdunt/wp-content/themes/erdunt/assets/img/bx-slider/controls.html]
[www.el.commonsupport.com/rc/erdunt/wp-content/themes/erdunt/assets/css/images/ui-icons_777620_256x240.html]
[www.el.commonsupport.com/rc/erdunt/wp-content/themes/erdunt/assets/css/images/ui-icons_cc0000_256x240.html]
[www.el.commonsupport.com/rc/erdunt/wp-content/themes/erdunt/assets/language-switcher/gb.html]
[www.el.commonsupport.com/rc/erdunt/wp-content/themes/erdunt/assets/language-switcher/fr.html]
[www.el.commonsupport.com/rc/erdunt/wp-content/themes/erdunt/assets/language-switcher/de.html]
[www.el.commonsupport.com/rc/erdunt/wp-content/themes/erdunt/assets/language-switcher/it.html]
[www.el.commonsupport.com/rc/erdunt/wp-content/themes/erdunt/assets/language-switcher/es.html]
[www.el.commonsupport.com/rc/erdunt/wp-content/themes/erdunt/assets/images/icon/preloader.svg]
[www.el.commonsupport.com/rc/erdunt/wp-content/plugins/elementor/assets/lib/eicons/fonts/eicons02d6.svg]
[www.el.commonsupport.com/rc/erdunt/index678b.html]
[www.el.commonsupport.com/rc/erdunt/index0b69.html]
[www.el.commonsupport.com/rc/erdunt/wp-json/wp/v2/posts/530.json]
[www.el.commonsupport.com/rc/erdunt/2021/05/the-construction-sector-to-maintain-growth/feed/index.html]
[www.el.commonsupport.com/rc/erdunt/wp-json/oembed/1.0/embed5347.json]
[www.el.commonsupport.com/rc/erdunt/wp-json/oembed/1.0/embedf46a]
[www.el.commonsupport.com/rc/erdunt/2021/05/the-construction-sector-to-maintain-growth/index.html]
[www.el.commonsupport.com/rc/erdunt/wp-json/wp/v2/posts/536.json]
[www.el.commonsupport.com/rc/erdunt/2021/05/petrobras-to-meet-with-presidential-candidates-sides/feed/index.html]
[www.el.commonsupport.com/rc/erdunt/wp-json/oembed/1.0/embedbeef]
[www.el.commonsupport.com/rc/erdunt/wp-json/oembed/1.0/embed1527]
[www.el.commonsupport.com/rc/erdunt/2021/05/petrobras-to-meet-with-presidential-candidates-sides/index.html]
[www.el.commonsupport.com/rc/erdunt/wp-json/wp/v2/posts/537.json]
[www.el.commonsupport.com/rc/erdunt/2021/05/we-won-best-industry-award-of-the-year-2021/feed/index.html]
[www.el.commonsupport.com/rc/erdunt/wp-json/oembed/1.0/embedda4a.json]
[www.el.commonsupport.com/rc/erdunt/wp-json/oembed/1.0/embed3706]
[www.el.commonsupport.com/rc/erdunt/2021/05/we-won-best-industry-award-of-the-year-2021/index.html]
[www.el.commonsupport.com/rc/erdunt/index0e62.html]
[www.el.commonsupport.com/rc/erdunt/index0735.html]
[www.el.commonsupport.com/rc/erdunt/wp-json/wp/v2/categories/16.json]
[www.el.commonsupport.com/rc/erdunt/category/latest-news-v3/index.html]
[www.el.commonsupport.com/rc/erdunt/index341b.html]
[www.el.commonsupport.com/rc/erdunt/indexf294.html]
[www.el.commonsupport.com/rc/erdunt/index313f.html]
[www.el.commonsupport.com/rc/erdunt/index79e7.html]
[www.el.commonsupport.com/rc/erdunt/index3d1a.html]
[www.el.commonsupport.com/rc/erdunt/indexc0cd.html]
[www.el.commonsupport.com/rc/erdunt/indexff6b.html]
[www.el.commonsupport.com/rc/erdunt/index9fb4.html]
[www.el.commonsupport.com/rc/erdunt/index784f.html]
[www.el.commonsupport.com/rc/erdunt/index9a65.html]
[www.el.commonsupport.com/rc/erdunt/indexc17f.html]
[www.el.commonsupport.com/rc/erdunt/indexd0f6.html]
[www.el.commonsupport.com/rc/erdunt/chemical-research/http_/www.el.commonsupport.com/rc/erdunt/chemical-research/index.html]
[www.el.commonsupport.com/rc/erdunt/index6f5e.html]
[www.el.commonsupport.com/rc/erdunt/index1dd2.html]
[www.el.commonsupport.com/rc/erdunt/index9f44.html]
[www.el.commonsupport.com/rc/erdunt/indexaae7.html]
[www.el.commonsupport.com/rc/erdunt/category/latest-news-v3/feed/index.html]
[www.el.commonsupport.com/rc/erdunt/wp-json/wp/v2/posts/1138.json]
[www.el.commonsupport.com/rc/erdunt/2021/08/10-reason-why-should-choose-our-industry/feed/index.html]
[www.el.commonsupport.com/rc/erdunt/wp-json/oembed/1.0/embedd89e.json]
[www.el.commonsupport.com/rc/erdunt/wp-json/oembed/1.0/embedd977]
[www.el.commonsupport.com/rc/erdunt/wp-content/uploads/2021/08/news-15.jpg]
[www.el.commonsupport.com/rc/erdunt/2021/08/10-reason-why-should-choose-our-industry/index.html]
[www.el.commonsupport.com/rc/erdunt/wp-json/wp/v2/posts/1147.json]
[www.el.commonsupport.com/rc/erdunt/2021/08/we-are-best-for-any-industrial-solution/feed/index.html]
[www.el.commonsupport.com/rc/erdunt/wp-json/oembed/1.0/embedf00c.json]
[www.el.commonsupport.com/rc/erdunt/2021/08/we-are-best-for-any-industrial-solution/index.html]
[www.el.commonsupport.com/rc/erdunt/wp-json/oembed/1.0/embed874d]
[www.el.commonsupport.com/rc/erdunt/2021/08/knowledge-becomes-power-by-visit-industry/feed/index.html]
[www.el.commonsupport.com/rc/erdunt/wp-json/wp/v2/posts/1149.json]
[www.el.commonsupport.com/rc/erdunt/wp-json/oembed/1.0/embed3df7.json]
[www.el.commonsupport.com/rc/erdunt/wp-json/oembed/1.0/embedc372]
[www.el.commonsupport.com/rc/erdunt/wp-content/uploads/2021/08/news-9.jpg]
[www.el.commonsupport.com/rc/erdunt/2021/08/knowledge-becomes-power-by-visit-industry/index.html]
[www.el.commonsupport.com/rc/erdunt/wp-json/wp/v2/posts/1158.json]
[www.el.commonsupport.com/rc/erdunt/2021/08/dont-worry-about-inspriation/feed/index.html]
[www.el.commonsupport.com/rc/erdunt/wp-json/oembed/1.0/embedd561.json]
[www.el.commonsupport.com/rc/erdunt/wp-json/oembed/1.0/embeda496]
[www.el.commonsupport.com/rc/erdunt/wp-content/uploads/2021/08/news-10.jpg]
[www.el.commonsupport.com/rc/erdunt/2021/08/dont-worry-about-inspriation/index.html]
[www.el.commonsupport.com/rc/erdunt/wp-json/wp/v2/posts/1160.json]
[www.el.commonsupport.com/rc/erdunt/2021/08/multitasking-materials-in-future-construction/feed/index.html]
[www.el.commonsupport.com/rc/erdunt/wp-json/oembed/1.0/embed65cf.json]
[www.el.commonsupport.com/rc/erdunt/wp-json/oembed/1.0/embed88bc]
[www.el.commonsupport.com/rc/erdunt/wp-content/uploads/2021/08/news-16.jpg]
[www.el.commonsupport.com/rc/erdunt/2021/08/multitasking-materials-in-future-construction/index.html]
[www.el.commonsupport.com/rc/erdunt/wp-json/wp/v2/posts/1162.json]
[www.el.commonsupport.com/rc/erdunt/2021/08/best-heat-treatment-of-steel/feed/index.html]
[www.el.commonsupport.com/rc/erdunt/wp-json/oembed/1.0/embedb651.json]
[www.el.commonsupport.com/rc/erdunt/2021/08/best-heat-treatment-of-steel/index.html]
[www.el.commonsupport.com/rc/erdunt/wp-json/oembed/1.0/embed550d]
[www.el.commonsupport.com/rc/erdunt/wp-content/uploads/2021/08/blog-v5-3.jpg]
[www.el.commonsupport.com/rc/erdunt/news-grid-view-2/page/2/index.html]
[www.el.commonsupport.com/rc/erdunt/wp-json/wp/v2/posts/1199.json]
[www.el.commonsupport.com/rc/erdunt/2021/08/save-energy-today-live-green/index.html]
[www.el.commonsupport.com/rc/erdunt/2021/08/metallurgy-news-relevant-today/feed/index.html]
[www.el.commonsupport.com/rc/erdunt/wp-json/oembed/1.0/embed78a8.json]
[www.el.commonsupport.com/rc/erdunt/2021/08/metallurgy-news-relevant-today/index.html]
[www.el.commonsupport.com/rc/erdunt/wp-json/oembed/1.0/embedddc0]
[www.el.commonsupport.com/rc/erdunt/wp-json/wp/v2/categories/21.json]
[www.el.commonsupport.com/rc/erdunt/category/our-blog/index.html]
[www.el.commonsupport.com/rc/erdunt/category/our-blog/feed/index.html]
[www.el.commonsupport.com/rc/erdunt/wp-json/wp/v2/posts/1196.json]
[www.el.commonsupport.com/rc/erdunt/2021/08/widely-considered-as-a-global-leader-using-smart-industry-tech/feed/index.html]
[www.el.commonsupport.com/rc/erdunt/wp-json/oembed/1.0/embed3153.json]
[www.el.commonsupport.com/rc/erdunt/wp-json/oembed/1.0/embed818b]
[www.el.commonsupport.com/rc/erdunt/2021/08/widely-considered-as-a-global-leader-using-smart-industry-tech/index.html]
[www.el.commonsupport.com/rc/erdunt/wp-json/wp/v2/posts/1192.json]
[www.el.commonsupport.com/rc/erdunt/2021/08/join-the-new-innovation-of-erdunt-with-technically-large-workforce/feed/index.html]
[www.el.commonsupport.com/rc/erdunt/wp-json/oembed/1.0/embed8677.json]
[www.el.commonsupport.com/rc/erdunt/wp-json/oembed/1.0/embed6e3d]
[www.el.commonsupport.com/rc/erdunt/2021/08/join-the-new-innovation-of-erdunt-with-technically-large-workforce/index.html]
[www.el.commonsupport.com/rc/erdunt/wp-json/wp/v2/posts/1186.json]
[www.el.commonsupport.com/rc/erdunt/2021/08/opportunities-full-of-wide-growth-and-sector-of-manufacturing/feed/index.html]
[www.el.commonsupport.com/rc/erdunt/wp-json/oembed/1.0/embed35d4.json]
[www.el.commonsupport.com/rc/erdunt/wp-json/oembed/1.0/embed063f]
[www.el.commonsupport.com/rc/erdunt/2021/08/opportunities-full-of-wide-growth-and-sector-of-manufacturing/index.html]
[www.el.commonsupport.com/rc/erdunt/news-list-view/page/2/index.html]
[www.el.commonsupport.com/rc/erdunt/news-list-view/page/3/index.html]
[www.el.commonsupport.com/rc/erdunt/news-list-view/page/4/index.html]
[www.el.commonsupport.com/rc/erdunt/wp-json/wp/v2/categories/1.json]
[www.el.commonsupport.com/rc/erdunt/category/latest-news/index.html]
[www.el.commonsupport.com/rc/erdunt/wp-json/wp/v2/tags/26.json]
[www.el.commonsupport.com/rc/erdunt/tag/chemical/index.html]
[www.el.commonsupport.com/rc/erdunt/category/latest-news/feed/index.html]
[www.el.commonsupport.com/rc/erdunt/tag/chemical/feed/index.html]
[www.el.commonsupport.com/rc/erdunt/category/latest-news/page/2/index.html]
[www.el.commonsupport.com/rc/erdunt/wp-json/wp/v2/tags/30.json]
[www.el.commonsupport.com/rc/erdunt/tag/construction/index.html]
[www.el.commonsupport.com/rc/erdunt/tag/construction/feed/index.html]
[www.el.commonsupport.com/rc/erdunt/wp-json/wp/v2/tags/29.json]
[www.el.commonsupport.com/rc/erdunt/tag/industry/index.html]
[www.el.commonsupport.com/rc/erdunt/tag/construction/page/3/index.html]
[www.el.commonsupport.com/rc/erdunt/tag/construction/page/2/index.html]
[www.el.commonsupport.com/rc/erdunt/tag/industry/feed/index.html]
[www.el.commonsupport.com/rc/erdunt/tag/construction/page/4/index.html]
[www.el.commonsupport.com/rc/erdunt/wp-json/wp/v2/tags/25.json]
[www.el.commonsupport.com/rc/erdunt/tag/manufacture/index.html]
[www.el.commonsupport.com/rc/erdunt/tag/industry/page/3/index.html]
[www.el.commonsupport.com/rc/erdunt/tag/industry/page/2/index.html]
[www.el.commonsupport.com/rc/erdunt/tag/manufacture/feed/index.html]
[www.el.commonsupport.com/rc/erdunt/tag/industry/page/4/index.html]
[www.el.commonsupport.com/rc/erdunt/wp-json/wp/v2/tags/28.json]
[www.el.commonsupport.com/rc/erdunt/tag/power-energy/index.html]
[www.el.commonsupport.com/rc/erdunt/tag/power-energy/feed/index.html]
[www.el.commonsupport.com/rc/erdunt/wp-json/wp/v2/tags/27.json]
[www.el.commonsupport.com/rc/erdunt/tag/products/index.html]
[www.el.commonsupport.com/rc/erdunt/index854d.html]
[www.el.commonsupport.com/rc/erdunt/2021/08/erdunt-produces-reliable-efficient-safe-sustainable-products/index6809.html]
[www.el.commonsupport.com/rc/erdunt/2021/08/erdunt-produces-reliable-efficient-safe-sustainable-products/index3094.html]
[www.el.commonsupport.com/rc/erdunt/2021/08/erdunt-produces-reliable-efficient-safe-sustainable-products/index0e22.html]
[www.el.commonsupport.com/rc/erdunt/index5579.html]
[www.el.commonsupport.com/rc/erdunt/indexdd01.html]
[www.el.commonsupport.com/rc/erdunt/index65a9.html]
[www.el.commonsupport.com/rc/erdunt/index8bc8.html]
[www.el.commonsupport.com/rc/erdunt/author/admin/page/2/index.html]
[www.el.commonsupport.com/rc/erdunt/author/admin/page/3/index.html]
[www.el.commonsupport.com/rc/erdunt/author/admin/page/4/index.html]
[www.el.commonsupport.com/rc/erdunt/indexd1a7.html]
[www.el.commonsupport.com/rc/erdunt/indexb950.html]
[www.el.commonsupport.com/rc/erdunt/indexde52.html]
[www.el.commonsupport.com/rc/erdunt/indexd379.html]
[www.el.commonsupport.com/rc/erdunt/indexfbc0.html]
[www.el.commonsupport.com/rc/erdunt/indexd909.html]
[www.el.commonsupport.com/rc/erdunt/index5a4f.html]
[www.el.commonsupport.com/rc/erdunt/index3f16.html]
[www.el.commonsupport.com/rc/erdunt/index2f10.html]
[www.el.commonsupport.com/rc/erdunt/index9d49.html]
[www.el.commonsupport.com/rc/erdunt/index7065.html]
[www.el.commonsupport.com/rc/erdunt/tag/products/feed/index.html]
[www.el.commonsupport.com/rc/erdunt/tag/products/page/2/index.html]
[www.el.commonsupport.com/rc/erdunt/2021/08/save-energy-today-live-green/feed/index.html]
[www.el.commonsupport.com/rc/erdunt/wp-json/wp/v2/posts/1164.json]
[www.el.commonsupport.com/rc/erdunt/wp-json/oembed/1.0/embedff5c.json]
[www.el.commonsupport.com/rc/erdunt/wp-json/oembed/1.0/embed2a17]
[www.el.commonsupport.com/rc/erdunt/2021/08/save-energy-today-live-green/index.html]
[www.el.commonsupport.com/rc/erdunt/news-grid-view-2/page/1/index.html]
[www.el.commonsupport.com/rc/erdunt/indexa4b1.html]
[www.el.commonsupport.com/rc/erdunt/index570b.html]
[www.el.commonsupport.com/rc/erdunt/indexfc28.html]
[www.el.commonsupport.com/rc/erdunt/index275f.html]
[www.el.commonsupport.com/rc/erdunt/news-list-view/page/1/index.html]
[www.el.commonsupport.com/rc/erdunt/category/latest-news/page/2/index.html]
[www.el.commonsupport.com/rc/erdunt/tag/construction/page/2/index.html]
[www.el.commonsupport.com/rc/erdunt/tag/construction/page/3/index.html]
[www.el.commonsupport.com/rc/erdunt/tag/construction/page/4/index.html]
[www.el.commonsupport.com/rc/erdunt/tag/industry/page/2/index.html]
[www.el.commonsupport.com/rc/erdunt/tag/industry/page/3/index.html]
[www.el.commonsupport.com/rc/erdunt/tag/industry/page/4/index.html]
[www.el.commonsupport.com/rc/erdunt/tag/products/page/2/index.html]
[www.el.commonsupport.com/rc/erdunt/author/admin/page/1/index.html]
[www.el.commonsupport.com/rc/erdunt/indexa873.html]
[www.el.commonsupport.com/rc/erdunt/category/latest-news/page/1/index.html]
[www.el.commonsupport.com/rc/erdunt/tag/construction/page/1/index.html]
[www.el.commonsupport.com/rc/erdunt/tag/industry/page/1/index.html]
[www.el.commonsupport.com/rc/erdunt/tag/products/page/1/index.html]
